1
1 1
2 2
2 1
BOTH_PLAYERS_TIE
FIRST_PLAYER_WINS
SECOND_PLAYER_WINS
